WARNING | Please update the emulator to one that supports the feature(s): Vulkan
HAXM is deprecated and not supported by Intel any more. Please download and install Android Emulator Hypervisor Driver for AMD Processors, which also supports Intel Processors. Installing from SDK Manager is comming soon.
INFO    | Ignore IPv6 address: 28a7:c629:2c02:0:e07f:c629:2c02:0 (2x)
WARNING | FeatureControl is requesting a non existing feature.
I1002 15:34:16.548469   12156 HealthMonitor.cpp:279] HealthMonitor disabled.
added library vulkan-1.dll
initialize: Supports id properties, got a vulkan device UUID
I1002 15:34:35.095646   12156 VkCommonOperations.cpp:1225] Initializing VkEmulation features:
I1002 15:34:35.096127   12156 VkCommonOperations.cpp:1226]     glInteropSupported: false
I1002 15:34:35.096506   12156 VkCommonOperations.cpp:1227]     useDeferredCommands: true
I1002 15:34:35.096890   12156 VkCommonOperations.cpp:1229]     createResourceWithRequirements: true
I1002 15:34:35.097280   12156 VkCommonOperations.cpp:1230]     useVulkanComposition: false
I1002 15:34:35.097969   12156 VkCommonOperations.cpp:1231]     useVulkanNativeSwapchain: false
I1002 15:34:35.098289   12156 VkCommonOperations.cpp:1232]     enable guestRenderDoc: false
I1002 15:34:35.098556   12156 VkCommonOperations.cpp:1233]     ASTC LDR emulation mode: 2
I1002 15:34:35.098841   12156 VkCommonOperations.cpp:1234]     enable ETC2 emulation: true
I1002 15:34:35.099114   12156 VkCommonOperations.cpp:1235]     enable Ycbcr emulation: false
I1002 15:34:35.099368   12156 VkCommonOperations.cpp:1236]     guestUsesAngle: false
I1002 15:34:35.099626   12156 VkCommonOperations.cpp:1237]     useDedicatedAllocations: false
I1002 15:34:35.290136   12156 FrameBuffer.cpp:486] Graphics Adapter Vendor Google (Google Inc.)
I1002 15:34:35.291165   12156 FrameBuffer.cpp:487] Graphics Adapter Android Emulator OpenGL ES Translator (Google SwiftShader)
I1002 15:34:35.291573   12156 FrameBuffer.cpp:488] Graphics API Version OpenGL ES 3.0 (OpenGL ES 3.0 SwiftShader 4.0.0.1)
I1002 15:34:35.292100   12156 FrameBuffer.cpp:489] Graphics API Extensions GL_OES_EGL_sync GL_OES_EGL_image GL_OES_EGL_image_external GL_OES_depth24 GL_OES_depth32 GL_OES_element_index_uint GL_OES_texture_float GL_OES_texture_float_linear GL_OES_compressed_paletted_texture GL_OES_compressed_ETC1_RGB8_texture GL_OES_depth_texture GL_OES_texture_half_float GL_OES_texture_half_float_linear GL_OES_packed_depth_stencil GL_OES_vertex_half_float GL_OES_standard_derivatives GL_OES_texture_npot GL_OES_rgb8_rgba8 GL_EXT_color_buffer_float GL_EXT_color_buffer_half_float GL_EXT_texture_format_BGRA8888 GL_APPLE_texture_format_BGRA8888 
I1002 15:34:35.292446   12156 FrameBuffer.cpp:490] Graphics Device Extensions N/A
WARNING | The emulator now requires a signed jwt token for gRPC access! Use the -grpc flag if you really want an open unprotected grpc port
WARNING | *** Basic token auth should only be used by android-studio ***
ERROR   | detected a hanging thread 'QEMU2 main loop'. No response for 15192 ms
I1002 15:35:05.292084    6496 FrameBuffer.cpp:3682] setDisplayConfigs w 1280 h 2856 dpiX 480 dpiY 480
I1002 15:35:05.301414    6496 FrameBuffer.cpp:3695] setDisplayActiveConfig 0
WARNING | change of renderer detected.
ERROR   | detected a hanging thread 'QEMU2 CPU0 thread'. No response for 15001 ms
ERROR   | detected a hanging thread 'QEMU2 CPU1 thread'. No response for 16386 ms
ERROR   | detected a hanging thread 'QEMU2 CPU2 thread'. No response for 16386 ms
ERROR   | detected a hanging thread 'QEMU2 CPU3 thread'. No response for 16387 ms
