INFO    | Android emulator version 33.1.24.0 (build_id 11237101) (CL:N/A)
INFO    | Found systemPath D:\Android-SDK\system-images\android-30\google_apis\x86\
INFO    | Storing crashdata in: , detection is enabled for process: 12076
INFO    | Duplicate loglines will be removed, if you wish to see each individual line launch with the -log-nofilter flag.
INFO    | IPv4 server found: 
INFO    | Ignore IPv6 address: 1087:c629:2c02:0:e07f:c629:2c02:0
INFO    | Ignore IPv6 address: 1087:c629:2c02:0:e07f:c629:2c02:0 (2x)
INFO    | Ignore IPv6 address: 808d:c629:2c02:0:e07f:c629:2c02:0
INFO    | Ignore IPv6 address: 808d:c629:2c02:0:e07f:c629:2c02:0 (2x)
INFO    | Ignore IPv6 address: a093:c629:2c02:0:e07f:c629:2c02:0
INFO    | Ignore IPv6 address: a093:c629:2c02:0:e07f:c629:2c02:0 (2x)
INFO    | Ignore IPv6 address: 28a7:c629:2c02:0:e07f:c629:2c02:0
library_mode swiftshader_indirect gpu mode swiftshader_indirect
createGlobalVkEmulation:963 Selecting Vulkan device: SwiftShader Device (LLVM 10.0.0)
HAX is working and emulator runs in fast virt mode.
INFO    | Using security allow list from: D:\Android-SDK\emulator\lib\emulator_access.json
INFO    | The active JSON Web Key Sets can be found here: C:\Users\ASUS\AppData\Local\Temp\avd\running\12076\jwks\061fb16d-5775-4fe5-83c8-ed61db8ba726\active.jwk
INFO    | Scanning C:\Users\ASUS\AppData\Local\Temp\avd\running\12076\jwks\061fb16d-5775-4fe5-83c8-ed61db8ba726 for jwk keys.
INFO    | Started GRPC server at 127.0.0.1:8554, security: Local, auth: +token
INFO    | Advertising in: C:\Users\ASUS\AppData\Local\Temp\avd\running\pid_12076.ini
INFO    | Loading snapshot 'default_boot'...
INFO    | Your emulator is out of date, please update by launching Android Studio:
 - Start Android Studio
 - Select menu "Tools > Android > SDK Manager"
 - Click "SDK Tools" tab
 - Check "Android Emulator" checkbox
 - Click "OK"
INFO    | Successfully loaded snapshot 'default_boot'
